<html>
<body>
<pre>
<h1>�Vision Build Log</h1>
<h2>Tool Versions:</h2>
IDE-Version: ��Vision V5.23.0.0
Copyright (C) 2017 ARM Ltd and ARM Germany GmbH. All rights reserved.
License Information:    ,    , LIC=NQQMA-1ADD4-RA5DM-XG1L9-FU8XX-DB4UR
 
Tool Versions:
Toolchain:       MDK-ARM Plus  Version: 5.23
Toolchain Path:  D:\#LjwApp\Keil5\ARM\ARMCC\Bin
C Compiler:      Armcc.exe V5.06 update 4 (build 422)
Assembler:       Armasm.exe V5.06 update 4 (build 422)
Linker/Locator:  ArmLink.exe V5.06 update 4 (build 422)
Library Manager: ArmAr.exe V5.06 update 4 (build 422)
Hex Converter:   FromElf.exe V5.06 update 4 (build 422)
CPU DLL:         SARMCM3.DLL V5.23
Dialog DLL:      DCM.DLL V1.15.0.0
Target DLL:      UL2CM3.DLL V1.159.7.0
Dialog DLL:      TCM.DLL V1.27.0.0
 
<h2>Project:</h2>
E:\#LJW\#PolarBear_RM\Wheel_Leg_Balance_Vehicle\stm32_controler_code\MDK-ARM\standard_robot.uvprojx
Project File Date:  08/31/2023

<h2>Output:</h2>
*** Using Compiler 'V5.06 update 4 (build 422)', folder: 'D:\#LjwApp\Keil5\ARM\ARMCC\Bin'
Build target 'standard_robot'
compiling Balance_Controler.c...
..\application\Balance_Controler.h(166): warning:  #1295-D: Deprecated declaration ChassisPostureUpdate - give arg types
  extern void ChassisPostureUpdate();
..\application\Balance_Controler.h(167): warning:  #1295-D: Deprecated declaration Ctrl_TargetUpdateTask - give arg types
  extern void Ctrl_TargetUpdateTask();
..\application\Balance_Controler.h(168): warning:  #1295-D: Deprecated declaration LegPos_UpdateTask - give arg types
  extern void LegPos_UpdateTask();
..\application\Balance_Controler.c(315): warning:  #1035-D: single-precision operand implicitly converted to double-precision
    while(leftLegPos.angle < 
_3PI_4)
..\application\Balance_Controler.c(316): warning:  #223-D: function "vTaskDelay" declared implicitly
      vTaskDelay(5);
..\application\Balance_Controler.c(319): warning:  #223-D: function "vTaskDelay" declared implicitly
    vTaskDelay(1000);
..\application\Balance_Controler.c(324): warning:  #1035-D: single-precision operand implicitly converted to double-precision
    while(rightLegPos.angle > 
_PI_4)
..\application\Balance_Controler.c(340): warning:  #223-D: function "vTaskDelete" declared implicitly
    vTaskDelete(NULL);
..\application\Balance_Controler.c(684): warning:  #1-D: last line of file ends without a newline
  // }
..\application\Balance_Controler.c: 9 warnings, 0 errors
compiling chassis_task.c...
..\application\Balance_Controler.h(166): warning:  #1295-D: Deprecated declaration ChassisPostureUpdate - give arg types
  extern void ChassisPostureUpdate();
..\application\Balance_Controler.h(167): warning:  #1295-D: Deprecated declaration Ctrl_TargetUpdateTask - give arg types
  extern void Ctrl_TargetUpdateTask();
..\application\Balance_Controler.h(168): warning:  #1295-D: Deprecated declaration LegPos_UpdateTask - give arg types
  extern void LegPos_UpdateTask();
..\application\chassis_task.c(195): warning:  #1035-D: single-precision operand implicitly converted to double-precision
          stateVar.theta = (leftLegPos.angle + rightLegPos.angle) / 2 - 
_PI_2 - chassis_imu.pitch;
..\application\chassis_task.c(301): warning:  #1035-D: single-precision operand implicitly converted to double-precision
          float leftTheta = leftLegPos.angle - chassis_imu.pitch - 
_PI_2;
..\application\chassis_task.c(302): warning:  #1035-D: single-precision operand implicitly converted to double-precision
          float rightTheta = rightLegPos.angle - chassis_imu.pitch - 
_PI_2;
..\application\chassis_task.c(306): warning:  #1035-D: single-precision operand implicitly converted to double-precision
          if(
ROTECT_CONDITION) //当前达到保护条件
..\application\chassis_task.c(306): warning:  #1035-D: single-precision operand implicitly converted to double-precision
          if(
ROTECT_CONDITION) //当前达到保护条件
..\application\chassis_task.c(306): warning:  #1035-D: single-precision operand implicitly converted to double-precision
          if(
ROTECT_CONDITION) //当前达到保护条件
..\application\chassis_task.c(318): warning:  #1035-D: single-precision operand implicitly converted to double-precision
                  while(
ROTECT_CONDITION && standupState == StandupState_None)
..\application\chassis_task.c(318): warning:  #1035-D: single-precision operand implicitly converted to double-precision
                  while(
ROTECT_CONDITION && standupState == StandupState_None)
..\application\chassis_task.c(318): warning:  #1035-D: single-precision operand implicitly converted to double-precision
                  while(
ROTECT_CONDITION && standupState == StandupState_None)
..\application\chassis_task.c(320): warning:  #1035-D: single-precision operand implicitly converted to double-precision
                  leftTheta = leftLegPos.angle - chassis_imu.pitch - 
_PI_2;
..\application\chassis_task.c(321): warning:  #1035-D: single-precision operand implicitly converted to double-precision
                  rightTheta = rightLegPos.angle - chassis_imu.pitch - 
_PI_2;
..\application\chassis_task.c(331): warning:  #1035-D: single-precision operand implicitly converted to double-precision
              if(standupState == StandupState_Standup && (leftTheta < -
_PI_4 || rightTheta > 
_PI_4))
..\application\chassis_task.c(266): warning:  #177-D: variable "lastTouchTime"  was declared but never referenced
          static uint32_t lastTouchTime = 0;
..\application\chassis_task.c(347): warning:  #177-D: variable "leftJointCurrent"  was declared but never referenced
          float leftJointCurrent[2]={0,0};
..\application\chassis_task.c(348): warning:  #177-D: variable "rightJointCurrent"  was declared but never referenced
          float rightJointCurrent[2]={0,0};
..\application\chassis_task.c: 18 warnings, 0 errors
linking...
Program Size: Code=114476 RO-data=13816 RW-data=1276 ZI-data=58532  
FromELF: creating hex file...
"standard_tpye_c\standard_tpye_c.axf" - 0 Error(s), 27 Warning(s).

<h2>Software Packages used:</h2>

Package Vendor: ARM
                http://www.keil.com/pack/ARM.CMSIS.5.0.1.pack
                ARM::CMSIS:CORE:5.0.1
                CMSIS (Cortex Microcontroller Software Interface Standard)
   * Component: CORE Version: 5.0.1

<h2>Collection of Component include folders:</h2>
  .\RTE\_standard_robot
  D:\#LjwApp\Keil5\ARM\PACK\ARM\CMSIS\5.0.1\CMSIS\Include
  D:\#LjwApp\Keil5\ARM\PACK\Keil\STM32F4xx_DFP\2.16.0\Drivers\CMSIS\Device\ST\STM32F4xx\Include

<h2>Collection of Component Files used:</h2>

   * Component: ARM::CMSIS:CORE:5.0.1
Build Time Elapsed:  00:00:05
</pre>
</body>
</html>
