<html>
<body>
<pre>
<h1>µVision Build Log</h1>
<h2>Tool Versions:</h2>
IDE-Version: ¦ÌVision V5.23.0.0
Copyright (C) 2017 ARM Ltd and ARM Germany GmbH. All rights reserved.
License Information:  ,  , LIC=CZLZX-H3CWX-RANDM-XCH4P-7IGFP-0H5ZC
 
Tool Versions:
Toolchain:       MDK-ARM Plus  Version: 5.23
Toolchain Path:  C:\Applications\Keil_v5\ARM\ARMCC\Bin
C Compiler:      Armcc.exe V5.06 update 4 (build 422)
Assembler:       Armasm.exe V5.06 update 4 (build 422)
Linker/Locator:  ArmLink.exe V5.06 update 4 (build 422)
Library Manager: ArmAr.exe V5.06 update 4 (build 422)
Hex Converter:   FromElf.exe V5.06 update 4 (build 422)
CPU DLL:         SARMCM3.DLL V5.23
Dialog DLL:      DCM.DLL V1.15.0.0
Target DLL:      STLink\ST-LINKIII-KEIL_SWO.dll V2.0.18.0
Dialog DLL:      TCM.DLL V1.27.0.0
 
<h2>Project:</h2>
D:\PolarBear\Wheel_Leg_Balance_Vehicle\stm32_code\MDK-ARM\standard_robot.uvprojx
Project File Date:  10/03/2023

<h2>Output:</h2>
*** Using Compiler 'V5.06 update 4 (build 422)', folder: 'C:\Applications\Keil_v5\ARM\ARMCC\Bin'
Build target 'standard_robot'
compiling chassis_task.c...
..\application\./Drives/MI_motor_drive.h(188): warning:  #1-D: last line of file ends without a newline
  #endif
..\application\Balance_Controler.h(170): warning:  #1295-D: Deprecated declaration MotorInitAll - give arg types
  extern void MotorInitAll();
..\application\Balance_Controler.h(173): warning:  #1295-D: Deprecated declaration ChassisPostureUpdate - give arg types
  extern void ChassisPostureUpdate();
..\application\Balance_Controler.h(174): warning:  #1295-D: Deprecated declaration CtrlTargetUpdateTask - give arg types
  extern void CtrlTargetUpdateTask();
..\application\Balance_Controler.h(175): warning:  #1295-D: Deprecated declaration LegPosUpdateTask - give arg types
  extern void LegPosUpdateTask();
..\application\CAN_communication.h(58): warning:  #1295-D: Deprecated declaration SendChassisCmd - give arg types
  extern void SendChassisCmd();
..\application\chassis_task.c(69): warning:  #223-D: function "vTaskDelay" declared implicitly
      vTaskDelay(CHASSIS_TASK_INIT_TIME);
..\application\chassis_task.c(225): warning:  #1035-D: single-precision operand implicitly converted to double-precision
              state_var.theta = (left_leg_pos.angle + right_leg_pos.angle) / 2 - 
_PI_2 - chassis_imu.pitch;
..\application\chassis_task.c(252): warning:  #223-D: function "MotorTorqueToCurrentValue_2006" declared implicitly
                  MotorTorqueToCurrentValue_2006(left_wheel.torque), 
..\application\chassis_task.c(90): warning:  #177-D: variable "lastTouchTime"  was declared but never referenced
      static uint32_t lastTouchTime = 0;
..\application\chassis_task.c(93): warning:  #177-D: variable "legMass"  was declared but never referenced
      const float legMass = 0.12368f; //kgï¼Œè…¿éƒ¨è´¨é‡?
..\application\chassis_task.c(98): warning:  #177-D: variable "kRatio"  was declared but never referenced
      float kRatio[2][6] = {{1.0f, 1.0f, 1.0f, 1.0f, 1.0f, 1.0f},
..\application\chassis_task.c(100): warning:  #177-D: variable "lqrTpRatio"  was declared but never referenced
      float lqrTpRatio = 1.0f, lqrTRatio = 1.0f;
..\application\chassis_task.c: 13 warnings, 0 errors
linking...
Program Size: Code=112920 RO-data=14348 RW-data=1048 ZI-data=61472  
FromELF: creating hex file...
"standard_tpye_c\standard_tpye_c.axf" - 0 Error(s), 13 Warning(s).

<h2>Software Packages used:</h2>

Package Vendor: ARM
                http://www.keil.com/pack/ARM.CMSIS.5.0.1.pack
                ARM::CMSIS:CORE:5.0.1
                CMSIS (Cortex Microcontroller Software Interface Standard)
   * Component: CORE Version: 5.0.1

<h2>Collection of Component include folders:</h2>
  .\RTE\_standard_robot
  C:\Applications\Keil_v5\ARM\PACK\ARM\CMSIS\5.0.1\CMSIS\Include
  C:\Applications\Keil_v5\ARM\PACK\Keil\STM32F4xx_DFP\2.17.1\Drivers\CMSIS\Device\ST\STM32F4xx\Include

<h2>Collection of Component Files used:</h2>

   * Component: ARM::CMSIS:CORE:5.0.1
Build Time Elapsed:  00:00:02
</pre>
</body>
</html>
