<html>
<body>
<pre>
<h1>µVision Build Log</h1>
<h2>Tool Versions:</h2>
IDE-Version: ¦ÌVision V5.23.0.0
Copyright (C) 2017 ARM Ltd and ARM Germany GmbH. All rights reserved.
License Information:  ,  , LIC=CZLZX-H3CWX-RANDM-XCH4P-7IGFP-0H5ZC
 
Tool Versions:
Toolchain:       MDK-ARM Plus  Version: 5.23
Toolchain Path:  C:\Applications\Keil_v5\ARM\ARMCC\Bin
C Compiler:      Armcc.exe V5.06 update 4 (build 422)
Assembler:       Armasm.exe V5.06 update 4 (build 422)
Linker/Locator:  ArmLink.exe V5.06 update 4 (build 422)
Library Manager: ArmAr.exe V5.06 update 4 (build 422)
Hex Converter:   FromElf.exe V5.06 update 4 (build 422)
CPU DLL:         SARMCM3.DLL V5.23
Dialog DLL:      DCM.DLL V1.15.0.0
Target DLL:      STLink\ST-LINKIII-KEIL_SWO.dll V2.0.18.0
Dialog DLL:      TCM.DLL V1.27.0.0
 
<h2>Project:</h2>
D:\PolarBear\Wheel_Leg_Balance_Vehicle\stm32_code\MDK-ARM\standard_robot.uvprojx
Project File Date:  10/03/2023

<h2>Output:</h2>
*** Using Compiler 'V5.06 update 4 (build 422)', folder: 'C:\Applications\Keil_v5\ARM\ARMCC\Bin'
Build target 'standard_robot'
compiling Balance_Controler.c...
..\application\./Drives/MI_motor_drive.h(124): warning:  #1-D: last line of file ends without a newline
  #endif
..\application\Balance_Controler.h(173): warning:  #1295-D: Deprecated declaration MotorInitAll - give arg types
  extern void MotorInitAll();
..\application\Balance_Controler.h(176): warning:  #1295-D: Deprecated declaration ChassisPostureUpdate - give arg types
  extern void ChassisPostureUpdate();
..\application\Balance_Controler.h(177): warning:  #1295-D: Deprecated declaration CtrlTargetUpdateTask - give arg types
  extern void CtrlTargetUpdateTask();
..\application\Balance_Controler.h(178): warning:  #1295-D: Deprecated declaration LegPosUpdateTask - give arg types
  extern void LegPosUpdateTask();
..\application\./Drives/MI_motor_drive.h(124): warning:  #1-D: last line of file ends without a newline
  #endif
..\application\Balance_Controler.c(120): warning:  #1035-D: single-precision operand implicitly converted to double-precision
               -2.679887351989746f + 
_PI_2,
..\application\Balance_Controler.c(129): warning:  #1035-D: single-precision operand implicitly converted to double-precision
_PI_2, 
..\application\Balance_Controler.c(148): warning:  #1035-D: single-precision operand implicitly converted to double-precision
               -2.9478385639190674f + 
_PI_2, 
..\application\Balance_Controler.c(157): warning:  #1035-D: single-precision operand implicitly converted to double-precision
_PI_2, 
..\application\Balance_Controler.c(261): warning:  #940-D: missing return statement at end of non-void function "CalcJointAngle" 
  }
..\application\Balance_Controler.c(393): warning:  #1035-D: single-precision operand implicitly converted to double-precision
    while(left_leg_pos.angle < 
_3PI_4)
..\application\Balance_Controler.c(394): warning:  #223-D: function "vTaskDelay" declared implicitly
      vTaskDelay(5);
..\application\Balance_Controler.c(397): warning:  #223-D: function "vTaskDelay" declared implicitly
    vTaskDelay(1000);
..\application\Balance_Controler.c(402): warning:  #1035-D: single-precision operand implicitly converted to double-precision
    while(right_leg_pos.angle > 
_PI_4)
..\application\Balance_Controler.c(418): warning:  #223-D: function "vTaskDelete" declared implicitly
    vTaskDelete(NULL);
..\application\Balance_Controler.c(779): warning:  #1-D: last line of file ends without a newline
  // }
..\application\Balance_Controler.c: 17 warnings, 0 errors
linking...
Program Size: Code=113644 RO-data=14344 RW-data=1060 ZI-data=61436  
FromELF: creating hex file...
"standard_tpye_c\standard_tpye_c.axf" - 0 Error(s), 17 Warning(s).

<h2>Software Packages used:</h2>

Package Vendor: ARM
                http://www.keil.com/pack/ARM.CMSIS.5.0.1.pack
                ARM::CMSIS:CORE:5.0.1
                CMSIS (Cortex Microcontroller Software Interface Standard)
   * Component: CORE Version: 5.0.1

<h2>Collection of Component include folders:</h2>
  .\RTE\_standard_robot
  C:\Applications\Keil_v5\ARM\PACK\ARM\CMSIS\5.0.1\CMSIS\Include
  C:\Applications\Keil_v5\ARM\PACK\Keil\STM32F4xx_DFP\2.17.1\Drivers\CMSIS\Device\ST\STM32F4xx\Include

<h2>Collection of Component Files used:</h2>

   * Component: ARM::CMSIS:CORE:5.0.1
Build Time Elapsed:  00:00:03
</pre>
</body>
</html>
